2026-08-17 17:54:51,471 INFO o.a.j.u.JMeterUtils: Setting Locale to en_EN
2026-08-17 17:54:51,479 INFO o.a.j.JMeter: Loading user properties from: D:\HW05\apache-jmeter-5.6.3\bin\user.properties
2026-08-17 17:54:51,480 INFO o.a.j.JMeter: Loading system properties from: D:\HW05\apache-jmeter-5.6.3\bin\system.properties
2026-08-17 17:54:51,484 INFO o.a.j.JMeter: Copyright (c) 1998-2024 The Apache Software Foundation
2026-08-17 17:54:51,484 INFO o.a.j.JMeter: Version 5.6.3
2026-08-17 17:54:51,484 INFO o.a.j.JMeter: java.version=1.8.0_501
2026-08-17 17:54:51,485 INFO o.a.j.JMeter: java.vm.name=Java HotSpot(TM) 64-Bit Server VM
2026-08-17 17:54:51,485 INFO o.a.j.JMeter: os.name=Windows 11
2026-08-17 17:54:51,485 INFO o.a.j.JMeter: os.arch=amd64
2026-08-17 17:54:51,485 INFO o.a.j.JMeter: os.version=10.0
2026-08-17 17:54:51,485 INFO o.a.j.JMeter: file.encoding=Cp1252
2026-08-17 17:54:51,485 INFO o.a.j.JMeter: java.awt.headless=true
2026-08-17 17:54:51,485 INFO o.a.j.JMeter: Max memory     =1073741824
2026-08-17 17:54:51,485 INFO o.a.j.JMeter: Available Processors =12
2026-08-17 17:54:51,488 INFO o.a.j.JMeter: Default Locale=English (EN)
2026-08-17 17:54:51,488 INFO o.a.j.JMeter: JMeter  Locale=English (EN)
2026-08-17 17:54:51,488 INFO o.a.j.JMeter: JMeterHome=D:\HW05\apache-jmeter-5.6.3
2026-08-17 17:54:51,488 INFO o.a.j.JMeter: user.dir  =D:\HW05
2026-08-17 17:54:51,488 INFO o.a.j.JMeter: PWD       =D:\HW05
2026-08-17 17:54:51,490 INFO o.a.j.JMeter: IP: 192.168.1.7 Name: DESKTOP-6G4PPE1 FullName: DESKTOP-6G4PPE1
2026-08-17 17:54:51,502 INFO o.a.j.s.FileServer: Default base='D:\HW05'
2026-08-17 17:54:51,504 INFO o.a.j.s.FileServer: Set new base='D:\HW05\software-testing-hw05\testplans'
2026-08-17 17:54:51,586 INFO o.a.j.s.SaveService: Testplan (JMX) version: 2.2. Testlog (JTL) version: 2.2
2026-08-17 17:54:51,603 INFO o.a.j.s.SaveService: Using SaveService properties file encoding UTF-8
2026-08-17 17:54:51,607 INFO o.a.j.s.SaveService: Using SaveService properties version 5.0
2026-08-17 17:54:51,611 INFO o.a.j.s.SaveService: Loading file: D:\HW05\software-testing-hw05\testplans\23127362_Load_20260815.jmx
2026-08-17 17:54:51,669 INFO o.a.j.p.h.s.HTTPSamplerBase: Parser for text/html is org.apache.jmeter.protocol.http.parser.LagartoBasedHtmlParser
2026-08-17 17:54:51,669 INFO o.a.j.p.h.s.HTTPSamplerBase: Parser for application/xhtml+xml is org.apache.jmeter.protocol.http.parser.LagartoBasedHtmlParser
2026-08-17 17:54:51,669 INFO o.a.j.p.h.s.HTTPSamplerBase: Parser for application/xml is org.apache.jmeter.protocol.http.parser.LagartoBasedHtmlParser
2026-08-17 17:54:51,669 INFO o.a.j.p.h.s.HTTPSamplerBase: Parser for text/xml is org.apache.jmeter.protocol.http.parser.LagartoBasedHtmlParser
2026-08-17 17:54:51,669 INFO o.a.j.p.h.s.HTTPSamplerBase: Parser for text/vnd.wap.wml is org.apache.jmeter.protocol.http.parser.RegexpHTMLParser
2026-08-17 17:54:51,669 INFO o.a.j.p.h.s.HTTPSamplerBase: Parser for text/css is org.apache.jmeter.protocol.http.parser.CssParser
2026-08-17 17:54:52,043 INFO o.a.j.JMeter: Creating summariser <summary>
2026-08-17 17:54:52,054 INFO o.a.j.e.StandardJMeterEngine: Running the test!
2026-08-17 17:54:52,055 INFO o.a.j.s.SampleEvent: List of sample_variables: []
2026-08-17 17:54:52,055 INFO o.a.j.s.SampleEvent: List of sample_variables: []
2026-08-17 17:54:52,059 INFO o.a.j.e.u.CompoundVariable: Note: Function class names must contain the string: '.functions.'
2026-08-17 17:54:52,059 INFO o.a.j.e.u.CompoundVariable: Note: Function class names must not contain the string: '.gui.'
2026-08-17 17:54:52,099 INFO o.a.j.r.ClassFinder: Will scan jar D:\HW05\apache-jmeter-5.6.3\lib\ext\jmeter-plugins-casutg-3.1.1.jar with filter ExtendsClassFilter [parents=[interface org.apache.jmeter.functions.Function], inner=false, contains=null, notContains=null]. Consider exposing JMeter plugins via META-INF/services, and add JMeter-Skip-Class-Scanning=true manifest attribute so JMeter can skip classfile scanning
2026-08-17 17:54:52,110 INFO o.a.j.r.ClassFinder: Will scan jar D:\HW05\apache-jmeter-5.6.3\lib\ext\jmeter-plugins-manager.jar with filter ExtendsClassFilter [parents=[interface org.apache.jmeter.functions.Function], inner=false, contains=null, notContains=null]. Consider exposing JMeter plugins via META-INF/services, and add JMeter-Skip-Class-Scanning=true manifest attribute so JMeter can skip classfile scanning
2026-08-17 17:54:52,323 INFO o.a.j.JMeter: Running test (1786964092323)
2026-08-17 17:54:52,360 INFO o.a.j.e.StandardJMeterEngine: Starting ThreadGroup: 1 : TG-1 Main User Journey
2026-08-17 17:54:52,360 INFO o.a.j.e.StandardJMeterEngine: Starting 35 threads for group TG-1 Main User Journey.
2026-08-17 17:54:52,360 INFO o.a.j.e.StandardJMeterEngine: Thread will continue on error
2026-08-17 17:54:52,360 INFO o.a.j.t.ThreadGroup: Starting thread group... number=1 threads=35 ramp-up=60 delayedStart=true
2026-08-17 17:54:52,361 INFO o.a.j.t.ThreadGroup: Started thread group number 1
2026-08-17 17:54:52,361 INFO o.a.j.e.StandardJMeterEngine: Starting ThreadGroup: 2 : TG-2 Auth Burst
2026-08-17 17:54:52,361 INFO o.a.j.e.StandardJMeterEngine: Starting 12 threads for group TG-2 Auth Burst.
2026-08-17 17:54:52,361 INFO o.a.j.e.StandardJMeterEngine: Thread will continue on error
2026-08-17 17:54:52,361 INFO o.a.j.t.ThreadGroup: Starting thread group... number=2 threads=12 ramp-up=60 delayedStart=true
2026-08-17 17:54:52,362 INFO o.a.j.t.ThreadGroup: Started thread group number 2
2026-08-17 17:54:52,362 INFO o.a.j.e.StandardJMeterEngine: Starting ThreadGroup: 3 : TG-3 Admin FR-15
2026-08-17 17:54:52,362 INFO o.a.j.e.StandardJMeterEngine: Starting 3 threads for group TG-3 Admin FR-15.
2026-08-17 17:54:52,362 INFO o.a.j.e.StandardJMeterEngine: Thread will continue on error
2026-08-17 17:54:52,362 INFO o.a.j.t.ThreadGroup: Starting thread group... number=3 threads=3 ramp-up=60 delayedStart=true
2026-08-17 17:54:52,362 INFO o.a.j.t.ThreadGroup: Started thread group number 3
2026-08-17 17:54:52,362 INFO o.a.j.e.StandardJMeterEngine: All thread groups have been started
2026-08-17 17:54:52,371 INFO o.a.j.t.JMeterThread: Thread started: TG-2 Auth Burst 2-1
2026-08-17 17:54:52,373 INFO o.a.j.t.JMeterThread: Thread started: TG-1 Main User Journey 1-1
2026-08-17 17:54:52,373 INFO o.a.j.t.JMeterThread: Thread started: TG-3 Admin FR-15 3-1
2026-08-17 17:54:52,374 INFO o.a.j.s.FileServer: Stored: ../data/admin.csv
2026-08-17 17:54:52,382 INFO o.a.j.s.FileServer: Stored: ../data/newproduct.csv
2026-08-17 17:54:52,383 INFO o.a.j.s.FileServer: Stored: ../data/addresses.csv
2026-08-17 17:54:52,383 INFO o.a.j.s.FileServer: Stored: ../data/search_keywords.csv
2026-08-17 17:54:52,384 INFO o.a.j.s.FileServer: Stored: ../data/coupons.csv
2026-08-17 17:54:52,385 INFO o.a.j.s.FileServer: Stored: ../data/products.csv
2026-08-17 17:54:53,415 INFO o.a.j.p.h.s.HTTPHCAbstractImpl: Local host = DESKTOP-6G4PPE1
2026-08-17 17:54:53,419 INFO o.a.j.p.h.s.HTTPHC4Impl: HTTP request retry count = 0
2026-08-17 17:54:53,420 INFO o.a.j.s.SampleResult: Note: Sample TimeStamps are START times
2026-08-17 17:54:53,420 INFO o.a.j.s.SampleResult: sampleresult.default.encoding is set to UTF-8
2026-08-17 17:54:53,420 INFO o.a.j.s.SampleResult: sampleresult.useNanoTime=true
2026-08-17 17:54:53,420 INFO o.a.j.s.SampleResult: sampleresult.nanoThreadSleep=5000
2026-08-17 17:54:54,132 INFO o.a.j.t.JMeterThread: Thread started: TG-1 Main User Journey 1-2
2026-08-17 17:54:55,900 INFO o.a.j.t.JMeterThread: Thread started: TG-1 Main User Journey 1-3
2026-08-17 17:54:57,665 INFO o.a.j.t.JMeterThread: Thread started: TG-1 Main User Journey 1-4
2026-08-17 17:54:57,820 INFO o.a.j.t.JMeterThread: Thread started: TG-2 Auth Burst 2-2
2026-08-17 17:54:59,431 INFO o.a.j.t.JMeterThread: Thread started: TG-1 Main User Journey 1-5
2026-08-17 17:55:00,356 INFO o.a.j.r.Summariser: summary +     16 in 00:00:08 =    2.0/s Avg:     6 Min:     1 Max:    32 Err:     0 (0.00%) Active: 8 Started: 8 Finished: 0
2026-08-17 17:55:01,196 INFO o.a.j.t.JMeterThread: Thread started: TG-1 Main User Journey 1-6
2026-08-17 17:55:02,960 INFO o.a.j.t.JMeterThread: Thread started: TG-1 Main User Journey 1-7
2026-08-17 17:55:03,274 INFO o.a.j.t.JMeterThread: Thread started: TG-2 Auth Burst 2-3
2026-08-17 17:55:04,725 INFO o.a.j.t.JMeterThread: Thread started: TG-1 Main User Journey 1-8
2026-08-17 17:55:06,489 INFO o.a.j.t.JMeterThread: Thread started: TG-1 Main User Journey 1-9
2026-08-17 17:55:08,254 INFO o.a.j.t.JMeterThread: Thread started: TG-1 Main User Journey 1-10
2026-08-17 17:55:08,729 INFO o.a.j.t.JMeterThread: Thread started: TG-2 Auth Burst 2-4
2026-08-17 17:55:10,018 INFO o.a.j.t.JMeterThread: Thread started: TG-1 Main User Journey 1-11
2026-08-17 17:55:11,783 INFO o.a.j.t.JMeterThread: Thread started: TG-1 Main User Journey 1-12
2026-08-17 17:55:13,547 INFO o.a.j.t.JMeterThread: Thread started: TG-1 Main User Journey 1-13
2026-08-17 17:55:14,184 INFO o.a.j.t.JMeterThread: Thread started: TG-2 Auth Burst 2-5
2026-08-17 17:55:15,310 INFO o.a.j.t.JMeterThread: Thread started: TG-1 Main User Journey 1-14
2026-08-17 17:55:17,076 INFO o.a.j.t.JMeterThread: Thread started: TG-1 Main User Journey 1-15
2026-08-17 17:55:18,840 INFO o.a.j.t.JMeterThread: Thread started: TG-1 Main User Journey 1-16
2026-08-17 17:55:19,639 INFO o.a.j.t.JMeterThread: Thread started: TG-2 Auth Burst 2-6
2026-08-17 17:55:20,605 INFO o.a.j.t.JMeterThread: Thread started: TG-1 Main User Journey 1-17
2026-08-17 17:55:22,365 INFO o.a.j.t.JMeterThread: Thread started: TG-3 Admin FR-15 3-2
2026-08-17 17:55:22,369 INFO o.a.j.t.JMeterThread: Thread started: TG-1 Main User Journey 1-18
2026-08-17 17:55:24,134 INFO o.a.j.t.JMeterThread: Thread started: TG-1 Main User Journey 1-19
2026-08-17 17:55:25,093 INFO o.a.j.t.JMeterThread: Thread started: TG-2 Auth Burst 2-7
2026-08-17 17:55:25,901 INFO o.a.j.t.JMeterThread: Thread started: TG-1 Main User Journey 1-20
2026-08-17 17:55:27,664 INFO o.a.j.t.JMeterThread: Thread started: TG-1 Main User Journey 1-21
2026-08-17 17:55:29,431 INFO o.a.j.t.JMeterThread: Thread started: TG-1 Main User Journey 1-22
2026-08-17 17:55:30,105 INFO o.a.j.r.Summariser: summary +    222 in 00:00:30 =    7.5/s Avg:     2 Min:     1 Max:    12 Err:     0 (0.00%) Active: 31 Started: 31 Finished: 0
2026-08-17 17:55:30,106 INFO o.a.j.r.Summariser: summary =    238 in 00:00:38 =    6.3/s Avg:     2 Min:     1 Max:    32 Err:     0 (0.00%)
2026-08-17 17:55:30,549 INFO o.a.j.t.JMeterThread: Thread started: TG-2 Auth Burst 2-8
2026-08-17 17:55:31,194 INFO o.a.j.t.JMeterThread: Thread started: TG-1 Main User Journey 1-23
2026-08-17 17:55:32,959 INFO o.a.j.t.JMeterThread: Thread started: TG-1 Main User Journey 1-24
2026-08-17 17:55:34,724 INFO o.a.j.t.JMeterThread: Thread started: TG-1 Main User Journey 1-25
2026-08-17 17:55:36,002 INFO o.a.j.t.JMeterThread: Thread started: TG-2 Auth Burst 2-9
2026-08-17 17:55:36,488 INFO o.a.j.t.JMeterThread: Thread started: TG-1 Main User Journey 1-26
2026-08-17 17:55:38,252 INFO o.a.j.t.JMeterThread: Thread started: TG-1 Main User Journey 1-27
2026-08-17 17:55:40,018 INFO o.a.j.t.JMeterThread: Thread started: TG-1 Main User Journey 1-28
2026-08-17 17:55:41,456 INFO o.a.j.t.JMeterThread: Thread started: TG-2 Auth Burst 2-10
2026-08-17 17:55:41,782 INFO o.a.j.t.JMeterThread: Thread started: TG-1 Main User Journey 1-29
2026-08-17 17:55:43,545 INFO o.a.j.t.JMeterThread: Thread started: TG-1 Main User Journey 1-30
2026-08-17 17:55:45,308 INFO o.a.j.t.JMeterThread: Thread started: TG-1 Main User Journey 1-31
2026-08-17 17:55:46,910 INFO o.a.j.t.JMeterThread: Thread started: TG-2 Auth Burst 2-11
2026-08-17 17:55:47,072 INFO o.a.j.t.JMeterThread: Thread started: TG-1 Main User Journey 1-32
2026-08-17 17:55:48,836 INFO o.a.j.t.JMeterThread: Thread started: TG-1 Main User Journey 1-33
2026-08-17 17:55:50,599 INFO o.a.j.t.JMeterThread: Thread started: TG-1 Main User Journey 1-34
2026-08-17 17:55:52,362 INFO o.a.j.t.JMeterThread: Thread started: TG-1 Main User Journey 1-35
2026-08-17 17:55:52,369 INFO o.a.j.t.JMeterThread: Thread started: TG-2 Auth Burst 2-12
2026-08-17 17:55:52,369 INFO o.a.j.t.JMeterThread: Thread started: TG-3 Admin FR-15 3-3
2026-08-17 17:56:00,190 INFO o.a.j.r.Summariser: summary +    495 in 00:00:30 =   16.5/s Avg:     2 Min:     0 Max:    19 Err:     0 (0.00%) Active: 50 Started: 50 Finished: 0
2026-08-17 17:56:00,190 INFO o.a.j.r.Summariser: summary =    733 in 00:01:08 =   10.8/s Avg:     2 Min:     0 Max:    32 Err:     0 (0.00%)
2026-08-17 17:56:30,045 INFO o.a.j.r.Summariser: summary +    588 in 00:00:30 =   19.7/s Avg:     2 Min:     0 Max:    14 Err:     0 (0.00%) Active: 50 Started: 50 Finished: 0
2026-08-17 17:56:30,045 INFO o.a.j.r.Summariser: summary =   1321 in 00:01:38 =   13.5/s Avg:     2 Min:     0 Max:    32 Err:     0 (0.00%)
2026-08-17 17:57:00,094 INFO o.a.j.r.Summariser: summary +    596 in 00:00:30 =   19.8/s Avg:     2 Min:     0 Max:    13 Err:     0 (0.00%) Active: 50 Started: 50 Finished: 0
2026-08-17 17:57:00,094 INFO o.a.j.r.Summariser: summary =   1917 in 00:02:08 =   15.0/s Avg:     2 Min:     0 Max:    32 Err:     0 (0.00%)
2026-08-17 17:57:30,040 INFO o.a.j.r.Summariser: summary +    593 in 00:00:30 =   19.8/s Avg:     2 Min:     0 Max:   101 Err:     0 (0.00%) Active: 50 Started: 50 Finished: 0
2026-08-17 17:57:30,041 INFO o.a.j.r.Summariser: summary =   2510 in 00:02:38 =   15.9/s Avg:     2 Min:     0 Max:   101 Err:     0 (0.00%)
2026-08-17 17:57:34,356 INFO o.a.j.a.J.JSR-DETAIL: BUG-07 tally (dinh ky): price CHUOI=198  SO=302  tong=500
2026-08-17 17:58:00,089 INFO o.a.j.r.Summariser: summary +    595 in 00:00:30 =   19.8/s Avg:     2 Min:     0 Max:    20 Err:     0 (0.00%) Active: 50 Started: 50 Finished: 0
2026-08-17 17:58:00,089 INFO o.a.j.r.Summariser: summary =   3105 in 00:03:08 =   16.5/s Avg:     2 Min:     0 Max:   101 Err:     0 (0.00%)
2026-08-17 17:58:30,026 INFO o.a.j.r.Summariser: summary +    593 in 00:00:30 =   19.8/s Avg:     2 Min:     0 Max:    15 Err:     0 (0.00%) Active: 50 Started: 50 Finished: 0
2026-08-17 17:58:30,026 INFO o.a.j.r.Summariser: summary =   3698 in 00:03:38 =   17.0/s Avg:     2 Min:     0 Max:   101 Err:     0 (0.00%)
2026-08-17 17:59:00,002 INFO o.a.j.r.Summariser: summary +    596 in 00:00:30 =   19.9/s Avg:     2 Min:     0 Max:    16 Err:     0 (0.00%) Active: 50 Started: 50 Finished: 0
2026-08-17 17:59:00,002 INFO o.a.j.r.Summariser: summary =   4294 in 00:04:08 =   17.3/s Avg:     2 Min:     0 Max:   101 Err:     0 (0.00%)
2026-08-17 17:59:30,100 INFO o.a.j.r.Summariser: summary +    587 in 00:00:30 =   19.5/s Avg:     2 Min:     0 Max:    30 Err:     0 (0.00%) Active: 50 Started: 50 Finished: 0
2026-08-17 17:59:30,100 INFO o.a.j.r.Summariser: summary =   4881 in 00:04:38 =   17.6/s Avg:     2 Min:     0 Max:   101 Err:     0 (0.00%)
2026-08-17 17:59:46,556 INFO o.a.j.a.J.JSR-DETAIL: BUG-07 tally (dinh ky): price CHUOI=408  SO=592  tong=1000
2026-08-17 18:00:00,029 INFO o.a.j.r.Summariser: summary +    593 in 00:00:30 =   19.8/s Avg:     2 Min:     0 Max:    14 Err:     0 (0.00%) Active: 50 Started: 50 Finished: 0
2026-08-17 18:00:00,030 INFO o.a.j.r.Summariser: summary =   5474 in 00:05:08 =   17.8/s Avg:     2 Min:     0 Max:   101 Err:     0 (0.00%)
2026-08-17 18:00:30,039 INFO o.a.j.r.Summariser: summary +    592 in 00:00:30 =   19.7/s Avg:     2 Min:     0 Max:    24 Err:     0 (0.00%) Active: 50 Started: 50 Finished: 0
2026-08-17 18:00:30,039 INFO o.a.j.r.Summariser: summary =   6066 in 00:05:38 =   18.0/s Avg:     2 Min:     0 Max:   101 Err:     0 (0.00%)
2026-08-17 18:01:00,006 INFO o.a.j.r.Summariser: summary +    594 in 00:00:30 =   19.8/s Avg:     2 Min:     0 Max:    46 Err:     0 (0.00%) Active: 50 Started: 50 Finished: 0
2026-08-17 18:01:00,007 INFO o.a.j.r.Summariser: summary =   6660 in 00:06:08 =   18.1/s Avg:     2 Min:     0 Max:   101 Err:     0 (0.00%)
2026-08-17 18:01:30,036 INFO o.a.j.r.Summariser: summary +    590 in 00:00:30 =   19.6/s Avg:     2 Min:     0 Max:    50 Err:     0 (0.00%) Active: 50 Started: 50 Finished: 0
2026-08-17 18:01:30,036 INFO o.a.j.r.Summariser: summary =   7250 in 00:06:38 =   18.2/s Avg:     2 Min:     0 Max:   101 Err:     0 (0.00%)
2026-08-17 18:01:59,640 INFO o.a.j.a.J.JSR-DETAIL: BUG-07 tally (dinh ky): price CHUOI=618  SO=882  tong=1500
2026-08-17 18:02:00,056 INFO o.a.j.r.Summariser: summary +    593 in 00:00:30 =   19.8/s Avg:     2 Min:     0 Max:   157 Err:     0 (0.00%) Active: 50 Started: 50 Finished: 0
2026-08-17 18:02:00,056 INFO o.a.j.r.Summariser: summary =   7843 in 00:07:08 =   18.3/s Avg:     2 Min:     0 Max:   157 Err:     0 (0.00%)
2026-08-17 18:02:30,016 INFO o.a.j.r.Summariser: summary +    597 in 00:00:30 =   19.9/s Avg:     3 Min:     0 Max:   164 Err:     0 (0.00%) Active: 50 Started: 50 Finished: 0
2026-08-17 18:02:30,017 INFO o.a.j.r.Summariser: summary =   8440 in 00:07:38 =   18.4/s Avg:     2 Min:     0 Max:   164 Err:     0 (0.00%)
2026-08-17 18:03:00,006 INFO o.a.j.r.Summariser: summary +    582 in 00:00:30 =   19.4/s Avg:     1 Min:     0 Max:    10 Err:     0 (0.00%) Active: 50 Started: 50 Finished: 0
2026-08-17 18:03:00,006 INFO o.a.j.r.Summariser: summary =   9022 in 00:08:08 =   18.5/s Avg:     2 Min:     0 Max:   164 Err:     0 (0.00%)
2026-08-17 18:03:30,004 INFO o.a.j.r.Summariser: summary +    600 in 00:00:30 =   20.0/s Avg:     1 Min:     0 Max:    12 Err:     0 (0.00%) Active: 50 Started: 50 Finished: 0
2026-08-17 18:03:30,004 INFO o.a.j.r.Summariser: summary =   9622 in 00:08:38 =   18.6/s Avg:     2 Min:     0 Max:   164 Err:     0 (0.00%)
2026-08-17 18:04:00,024 INFO o.a.j.r.Summariser: summary +    593 in 00:00:30 =   19.8/s Avg:     1 Min:     0 Max:    10 Err:     0 (0.00%) Active: 50 Started: 50 Finished: 0
2026-08-17 18:04:00,025 INFO o.a.j.r.Summariser: summary =  10215 in 00:09:08 =   18.7/s Avg:     2 Min:     0 Max:   164 Err:     0 (0.00%)
2026-08-17 18:04:14,372 INFO o.a.j.a.J.JSR-DETAIL: BUG-07 tally (dinh ky): price CHUOI=822  SO=1178  tong=2000
2026-08-17 18:04:30,008 INFO o.a.j.r.Summariser: summary +    591 in 00:00:30 =   19.7/s Avg:     1 Min:     0 Max:    12 Err:     0 (0.00%) Active: 50 Started: 50 Finished: 0
2026-08-17 18:04:30,009 INFO o.a.j.r.Summariser: summary =  10806 in 00:09:38 =   18.7/s Avg:     2 Min:     0 Max:   164 Err:     0 (0.00%)
2026-08-17 18:05:00,046 INFO o.a.j.r.Summariser: summary +    591 in 00:00:30 =   19.7/s Avg:     2 Min:     0 Max:    13 Err:     0 (0.00%) Active: 50 Started: 50 Finished: 0
2026-08-17 18:05:00,047 INFO o.a.j.r.Summariser: summary =  11397 in 00:10:08 =   18.8/s Avg:     2 Min:     0 Max:   164 Err:     0 (0.00%)
2026-08-17 18:05:30,054 INFO o.a.j.r.Summariser: summary +    597 in 00:00:30 =   19.9/s Avg:     2 Min:     0 Max:    24 Err:     0 (0.00%) Active: 50 Started: 50 Finished: 0
2026-08-17 18:05:30,055 INFO o.a.j.r.Summariser: summary =  11994 in 00:10:38 =   18.8/s Avg:     2 Min:     0 Max:   164 Err:     0 (0.00%)
2026-08-17 18:06:00,035 INFO o.a.j.r.Summariser: summary +    588 in 00:00:30 =   19.6/s Avg:     2 Min:     0 Max:    15 Err:     0 (0.00%) Active: 50 Started: 50 Finished: 0
2026-08-17 18:06:00,035 INFO o.a.j.r.Summariser: summary =  12582 in 00:11:08 =   18.8/s Avg:     2 Min:     0 Max:   164 Err:     0 (0.00%)
2026-08-17 18:06:27,234 INFO o.a.j.a.J.JSR-DETAIL: BUG-07 tally (dinh ky): price CHUOI=1026  SO=1474  tong=2500
2026-08-17 18:06:30,007 INFO o.a.j.r.Summariser: summary +    591 in 00:00:30 =   19.7/s Avg:     2 Min:     0 Max:    16 Err:     0 (0.00%) Active: 50 Started: 50 Finished: 0
2026-08-17 18:06:30,009 INFO o.a.j.r.Summariser: summary =  13173 in 00:11:38 =   18.9/s Avg:     2 Min:     0 Max:   164 Err:     0 (0.00%)
2026-08-17 18:07:00,004 INFO o.a.j.r.Summariser: summary +    601 in 00:00:30 =   20.0/s Avg:     3 Min:     0 Max:   213 Err:     0 (0.00%) Active: 50 Started: 50 Finished: 0
2026-08-17 18:07:00,004 INFO o.a.j.r.Summariser: summary =  13774 in 00:12:08 =   18.9/s Avg:     2 Min:     0 Max:   213 Err:     0 (0.00%)
2026-08-17 18:07:30,010 INFO o.a.j.r.Summariser: summary +    579 in 00:00:30 =   19.3/s Avg:     2 Min:     0 Max:    18 Err:     0 (0.00%) Active: 50 Started: 50 Finished: 0
2026-08-17 18:07:30,010 INFO o.a.j.r.Summariser: summary =  14353 in 00:12:38 =   18.9/s Avg:     2 Min:     0 Max:   213 Err:     0 (0.00%)
2026-08-17 18:08:00,028 INFO o.a.j.r.Summariser: summary +    590 in 00:00:30 =   19.7/s Avg:     2 Min:     0 Max:    41 Err:     0 (0.00%) Active: 50 Started: 50 Finished: 0
2026-08-17 18:08:00,028 INFO o.a.j.r.Summariser: summary =  14943 in 00:13:08 =   19.0/s Avg:     2 Min:     0 Max:   213 Err:     0 (0.00%)
2026-08-17 18:08:30,002 INFO o.a.j.r.Summariser: summary +    591 in 00:00:30 =   19.7/s Avg:     2 Min:     0 Max:    16 Err:     0 (0.00%) Active: 50 Started: 50 Finished: 0
2026-08-17 18:08:30,003 INFO o.a.j.r.Summariser: summary =  15534 in 00:13:38 =   19.0/s Avg:     2 Min:     0 Max:   213 Err:     0 (0.00%)
2026-08-17 18:08:40,486 INFO o.a.j.a.J.JSR-DETAIL: BUG-07 tally (dinh ky): price CHUOI=1233  SO=1767  tong=3000
2026-08-17 18:09:00,016 INFO o.a.j.r.Summariser: summary +    590 in 00:00:30 =   19.7/s Avg:     2 Min:     0 Max:    29 Err:     0 (0.00%) Active: 50 Started: 50 Finished: 0
2026-08-17 18:09:00,017 INFO o.a.j.r.Summariser: summary =  16124 in 00:14:08 =   19.0/s Avg:     2 Min:     0 Max:   213 Err:     0 (0.00%)
2026-08-17 18:09:30,001 INFO o.a.j.r.Summariser: summary +    599 in 00:00:30 =   20.0/s Avg:     2 Min:     0 Max:    16 Err:     0 (0.00%) Active: 50 Started: 50 Finished: 0
2026-08-17 18:09:30,001 INFO o.a.j.r.Summariser: summary =  16723 in 00:14:38 =   19.1/s Avg:     2 Min:     0 Max:   213 Err:     0 (0.00%)
2026-08-17 18:10:00,058 INFO o.a.j.r.Summariser: summary +    588 in 00:00:30 =   19.6/s Avg:     2 Min:     0 Max:    23 Err:     0 (0.00%) Active: 50 Started: 50 Finished: 0
2026-08-17 18:10:00,058 INFO o.a.j.r.Summariser: summary =  17311 in 00:15:08 =   19.1/s Avg:     2 Min:     0 Max:   213 Err:     0 (0.00%)
2026-08-17 18:10:30,028 INFO o.a.j.r.Summariser: summary +    594 in 00:00:30 =   19.8/s Avg:     2 Min:     0 Max:    54 Err:     0 (0.00%) Active: 50 Started: 50 Finished: 0
2026-08-17 18:10:30,028 INFO o.a.j.r.Summariser: summary =  17905 in 00:15:38 =   19.1/s Avg:     2 Min:     0 Max:   213 Err:     0 (0.00%)
2026-08-17 18:10:47,883 INFO o.a.j.t.JMeterThread: Thread finished: TG-1 Main User Journey 1-25
2026-08-17 18:10:48,167 INFO o.a.j.t.JMeterThread: Thread finished: TG-1 Main User Journey 1-1
2026-08-17 18:10:48,550 INFO o.a.j.t.JMeterThread: Thread finished: TG-1 Main User Journey 1-12
2026-08-17 18:10:48,782 INFO o.a.j.t.JMeterThread: Thread finished: TG-1 Main User Journey 1-23
2026-08-17 18:10:48,832 INFO o.a.j.t.JMeterThread: Thread finished: TG-1 Main User Journey 1-7
2026-08-17 18:10:49,281 INFO o.a.j.t.JMeterThread: Thread finished: TG-1 Main User Journey 1-31
2026-08-17 18:10:49,382 INFO o.a.j.t.JMeterThread: Thread finished: TG-1 Main User Journey 1-24
2026-08-17 18:10:49,413 INFO o.a.j.t.JMeterThread: Thread finished: TG-1 Main User Journey 1-20
2026-08-17 18:10:49,474 INFO o.a.j.t.JMeterThread: Thread finished: TG-1 Main User Journey 1-22
2026-08-17 18:10:49,772 INFO o.a.j.t.JMeterThread: Thread finished: TG-1 Main User Journey 1-19
2026-08-17 18:10:50,037 INFO o.a.j.t.JMeterThread: Thread finished: TG-1 Main User Journey 1-9
2026-08-17 18:10:50,116 INFO o.a.j.t.JMeterThread: Thread finished: TG-1 Main User Journey 1-28
2026-08-17 18:10:50,177 INFO o.a.j.t.JMeterThread: Thread finished: TG-1 Main User Journey 1-33
2026-08-17 18:10:50,331 INFO o.a.j.t.JMeterThread: Thread finished: TG-2 Auth Burst 2-3
2026-08-17 18:10:50,538 INFO o.a.j.t.JMeterThread: Thread finished: TG-1 Main User Journey 1-5
2026-08-17 18:10:50,540 INFO o.a.j.t.JMeterThread: Thread finished: TG-1 Main User Journey 1-4
2026-08-17 18:10:50,555 INFO o.a.j.t.JMeterThread: Thread finished: TG-2 Auth Burst 2-6
2026-08-17 18:10:50,612 INFO o.a.j.t.JMeterThread: Thread finished: TG-1 Main User Journey 1-3
2026-08-17 18:10:50,794 INFO o.a.j.t.JMeterThread: Thread finished: TG-1 Main User Journey 1-10
2026-08-17 18:10:50,803 INFO o.a.j.t.JMeterThread: Thread finished: TG-1 Main User Journey 1-26
2026-08-17 18:10:50,987 INFO o.a.j.t.JMeterThread: Thread finished: TG-1 Main User Journey 1-29
2026-08-17 18:10:51,021 INFO o.a.j.t.JMeterThread: Thread finished: TG-1 Main User Journey 1-21
2026-08-17 18:10:51,044 INFO o.a.j.t.JMeterThread: Thread finished: TG-2 Auth Burst 2-2
2026-08-17 18:10:51,050 INFO o.a.j.t.JMeterThread: Thread finished: TG-3 Admin FR-15 3-2
2026-08-17 18:10:51,086 INFO o.a.j.t.JMeterThread: Thread finished: TG-2 Auth Burst 2-9
2026-08-17 18:10:51,134 INFO o.a.j.t.JMeterThread: Thread finished: TG-2 Auth Burst 2-7
2026-08-17 18:10:51,218 INFO o.a.j.t.JMeterThread: Thread finished: TG-1 Main User Journey 1-6
2026-08-17 18:10:51,367 INFO o.a.j.t.JMeterThread: Thread finished: TG-2 Auth Burst 2-4
2026-08-17 18:10:51,395 INFO o.a.j.t.JMeterThread: Thread finished: TG-1 Main User Journey 1-34
2026-08-17 18:10:51,486 INFO o.a.j.t.JMeterThread: Thread finished: TG-1 Main User Journey 1-13
2026-08-17 18:10:51,492 INFO o.a.j.t.JMeterThread: Thread finished: TG-1 Main User Journey 1-17
2026-08-17 18:10:51,514 INFO o.a.j.t.JMeterThread: Thread finished: TG-1 Main User Journey 1-27
2026-08-17 18:10:51,558 INFO o.a.j.t.JMeterThread: Thread finished: TG-1 Main User Journey 1-30
2026-08-17 18:10:51,665 INFO o.a.j.t.JMeterThread: Thread finished: TG-1 Main User Journey 1-32
2026-08-17 18:10:51,714 INFO o.a.j.t.JMeterThread: Thread finished: TG-1 Main User Journey 1-11
2026-08-17 18:10:51,769 INFO o.a.j.t.JMeterThread: Thread finished: TG-3 Admin FR-15 3-1
2026-08-17 18:10:51,771 INFO o.a.j.t.JMeterThread: Thread finished: TG-2 Auth Burst 2-12
2026-08-17 18:10:51,777 INFO o.a.j.t.JMeterThread: Thread finished: TG-1 Main User Journey 1-35
2026-08-17 18:10:51,924 INFO o.a.j.t.JMeterThread: Thread finished: TG-1 Main User Journey 1-8
2026-08-17 18:10:51,970 INFO o.a.j.t.JMeterThread: Thread finished: TG-2 Auth Burst 2-5
2026-08-17 18:10:52,043 INFO o.a.j.t.JMeterThread: Thread finished: TG-2 Auth Burst 2-1
2026-08-17 18:10:52,054 INFO o.a.j.t.JMeterThread: Thread finished: TG-2 Auth Burst 2-8
2026-08-17 18:10:52,067 INFO o.a.j.t.JMeterThread: Thread finished: TG-3 Admin FR-15 3-3
2026-08-17 18:10:52,183 INFO o.a.j.t.JMeterThread: Thread finished: TG-1 Main User Journey 1-18
2026-08-17 18:10:52,250 INFO o.a.j.t.JMeterThread: Thread finished: TG-1 Main User Journey 1-14
2026-08-17 18:10:52,272 INFO o.a.j.t.JMeterThread: Thread finished: TG-1 Main User Journey 1-16
2026-08-17 18:10:52,278 INFO o.a.j.t.JMeterThread: Thread finished: TG-1 Main User Journey 1-2
2026-08-17 18:10:52,294 INFO o.a.j.t.JMeterThread: Thread finished: TG-2 Auth Burst 2-10
2026-08-17 18:10:52,321 INFO o.a.j.t.JMeterThread: Thread finished: TG-1 Main User Journey 1-15
2026-08-17 18:10:52,354 INFO o.a.j.t.JMeterThread: Thread finished: TG-2 Auth Burst 2-11
2026-08-17 18:10:52,355 INFO o.a.j.e.StandardJMeterEngine: Starting tearDown thread groups
2026-08-17 18:10:52,355 INFO o.a.j.e.StandardJMeterEngine: Starting tearDown ThreadGroup: 1 : tearDown - Cleanup LTPERF products
2026-08-17 18:10:52,355 INFO o.a.j.e.StandardJMeterEngine: Starting 1 threads for group tearDown - Cleanup LTPERF products.
2026-08-17 18:10:52,355 INFO o.a.j.e.StandardJMeterEngine: Thread will continue on error
2026-08-17 18:10:52,355 INFO o.a.j.t.ThreadGroup: Starting thread group... number=1 threads=1 ramp-up=1 delayedStart=false
2026-08-17 18:10:52,356 INFO o.a.j.t.ThreadGroup: Started thread group number 1
2026-08-17 18:10:52,356 INFO o.a.j.t.JMeterThread: Thread started: tearDown - Cleanup LTPERF products 1-1
2026-08-17 18:10:52,384 INFO o.a.j.e.J.PP-BUG07-TALLY: ======== BUG-07 : kiem ke kieu du lieu cua truong price ========
2026-08-17 18:10:52,384 INFO o.a.j.e.J.PP-BUG07-TALLY:   price tra ve dang CHUOI : 1434
2026-08-17 18:10:52,384 INFO o.a.j.e.J.PP-BUG07-TALLY:   price tra ve dang SO    : 2055
2026-08-17 18:10:52,384 INFO o.a.j.e.J.PP-BUG07-TALLY:   tong quan sat           : 3489   (41.1% dang chuoi)
2026-08-17 18:10:52,384 INFO o.a.j.e.J.PP-BUG07-TALLY:   Hanh vi DA BIET cua SUT (id chan -> chuoi). KHONG tinh la loi.
2026-08-17 18:10:52,384 INFO o.a.j.e.J.PP-BUG07-TALLY:   Ky vong: ~40% o DETAIL_A/B (2 trong 5 id seed la chan),
2026-08-17 18:10:52,384 INFO o.a.j.e.J.PP-BUG07-TALLY:            ~50% o ADMIN_GET (id san pham moi tang dan).
2026-08-17 18:10:52,384 INFO o.a.j.e.J.PP-BUG07-TALLY:   Lech xa hai con so nay = hanh vi SUT da thay doi, can dieu tra lai.
2026-08-17 18:10:52,384 INFO o.a.j.e.J.PP-BUG07-TALLY: ================================================================
2026-08-17 18:10:52,384 INFO o.a.j.t.JMeterThread: Thread is done: tearDown - Cleanup LTPERF products 1-1
2026-08-17 18:10:52,384 INFO o.a.j.t.JMeterThread: Thread finished: tearDown - Cleanup LTPERF products 1-1
2026-08-17 18:10:52,385 INFO o.a.j.e.StandardJMeterEngine: Notifying test listeners of end of test
2026-08-17 18:10:52,385 INFO o.a.j.s.FileServer: Close: ../data/newproduct.csv
2026-08-17 18:10:52,385 INFO o.a.j.s.FileServer: Close: ../data/products.csv
2026-08-17 18:10:52,385 INFO o.a.j.s.FileServer: Close: ../data/coupons.csv
2026-08-17 18:10:52,385 INFO o.a.j.s.FileServer: Close: ../data/addresses.csv
2026-08-17 18:10:52,385 INFO o.a.j.s.FileServer: Close: ../data/admin.csv
2026-08-17 18:10:52,385 INFO o.a.j.s.FileServer: Close: ../data/search_keywords.csv
2026-08-17 18:10:52,388 INFO o.a.j.r.Summariser: summary +    443 in 00:00:22 =   19.8/s Avg:     2 Min:     0 Max:    16 Err:     0 (0.00%) Active: 0 Started: 1 Finished: 1
2026-08-17 18:10:52,389 INFO o.a.j.r.Summariser: summary =  18348 in 00:16:00 =   19.1/s Avg:     2 Min:     0 Max:   213 Err:     0 (0.00%)
